<h1>Welcome 1</h1><br/>
Welcome to <a href="https://wu-kan.github.io/">my blog</a>!<br/>
<h2>Welcome 2</h2><br/>
Welcome to <a href="https://wu-kan.github.io/">my blog</a>!<br/>
<h3>Welcome 3</h3><br/>
Welcome to <a href="https://wu-kan.github.io/">my blog</a>!<br/>
<h4>Welcome 4</h4><br/>
Welcome to <a href="https://wu-kan.github.io/">my blog</a>!<br/>
<h5>Welcome 5</h5><br/>
Welcome to <a href="https://wu-kan.github.io/">my blog</a>!<br/>
<h6>Welcome 6</h6><br/>
Welcome to <a href="https://wu-kan.github.io/">my blog</a>!<br/>
